<html>
<body>
<pre>
<h1>µVision Build Log</h1>
<h2>Project:</h2>
C:\Users\Owner\OneDrive - The University of Western Ontario\Year 2\Comp Sci 2208\Projects\New folder\question2.uvproj
Project File Date:  03/05/2019

<h2>Output:</h2>
Build target 'Target 1'
assembling question2.s...
linking...
Program Size: Code=172 RO-data=0 RW-data=0 ZI-data=0  
".\question2.axf" - 0 Error(s), 0 Warning(s).
</pre>
</body>
</html>
ta=0 RW-data=0 ZI-data=0  
".\question2.axf" - 0 Error(s), 1 Warning(s).
